   Compiling agent_ui v0.1.0 (C:\Users\NikitaDev\Desktop\projects\zed-experimental\crates\agent_ui)
warning: zed@1.21.0: Info: using 'ea3f7b253d0e1803971d6a5e046d7594b7940096' hash for ZED_COMMIT_SHA env var
   Compiling acp_tools v0.1.0 (C:\Users\NikitaDev\Desktop\projects\zed-experimental\crates\acp_tools)
   Compiling sidebar v0.1.0 (C:\Users\NikitaDev\Desktop\projects\zed-experimental\crates\sidebar)
   Compiling zed v1.21.0 (C:\Users\NikitaDev\Desktop\projects\zed-experimental\crates\zed)
warning: linker stdout: LINK : warning LNK4217: symbol 'wasm_byte_vec_delete' defined in 'libwasmtime_c_api-bcea51093ae65dc1.rlib(wasmtime_c_api-bcea51093ae65dc1.wasmtime_c_api.f0e00f6ee6fb32f1-cgu.08.rcgu.o)' is imported by 'libtree_sitter-7b90b02dd71a6561.rlib(9d101ca0d5afdee2-lib.o)' in function 'ts_wasm_store__instantiate'␍
         LINK : warning LNK4217: symbol 'wasm_engine_delete' defined in 'libwasmtime_c_api-bcea51093ae65dc1.rlib(wasmtime_c_api-bcea51093ae65dc1.wasmtime_c_api.f0e00f6ee6fb32f1-cgu.04.rcgu.o)' is imported by 'libtree_sitter-7b90b02dd71a6561.rlib(9d101ca0d5afdee2-lib.o)' in function 'ts_wasm_store_delete'␍
         LINK : warning LNK4217: symbol 'wasm_valtype_vec_new_empty' defined in 'libwasmtime_c_api-bcea51093ae65dc1.rlib(wasmtime_c_api-bcea51093ae65dc1.wasmtime_c_api.f0e00f6ee6fb32f1-cgu.08.rcgu.o)' is imported by 'libtree_sitter-7b90b02dd71a6561.rlib(9d101ca0d5afdee2-lib.o)' in function 'ts_wasm_store_new'␍
         LINK : warning LNK4217: symbol 'wasm_valtype_vec_new' defined in 'libwasmtime_c_api-bcea51093ae65dc1.rlib(wasmtime_c_api-bcea51093ae65dc1.wasmtime_c_api.f0e00f6ee6fb32f1-cgu.08.rcgu.o)' is imported by 'libtree_sitter-7b90b02dd71a6561.rlib(9d101ca0d5afdee2-lib.o)' in function 'ts_wasm_store_new'␍
         LINK : warning LNK4217: symbol 'wasm_valtype_new' defined in 'libwasmtime_c_api-bcea51093ae65dc1.rlib(wasmtime_c_api-bcea51093ae65dc1.wasmtime_c_api.f0e00f6ee6fb32f1-cgu.06.rcgu.o)' is imported by 'libtree_sitter-7b90b02dd71a6561.rlib(9d101ca0d5afdee2-lib.o)' in function 'ts_wasm_store_new'␍
         LINK : warning LNK4217: symbol 'wasm_functype_delete' defined in 'libwasmtime_c_api-bcea51093ae65dc1.rlib(wasmtime_c_api-bcea51093ae65dc1.wasmtime_c_api.f0e00f6ee6fb32f1-cgu.05.rcgu.o)' is imported by 'libtree_sitter-7b90b02dd71a6561.rlib(9d101ca0d5afdee2-lib.o)' in function 'ts_wasm_store_new'␍
         LINK : warning LNK4217: symbol 'wasm_functype_new' defined in 'libwasmtime_c_api-bcea51093ae65dc1.rlib(wasmtime_c_api-bcea51093ae65dc1.wasmtime_c_api.f0e00f6ee6fb32f1-cgu.05.rcgu.o)' is imported by 'libtree_sitter-7b90b02dd71a6561.rlib(9d101ca0d5afdee2-lib.o)' in function 'ts_wasm_store_new'␍
         LINK : warning LNK4217: symbol 'wasm_globaltype_delete' defined in 'libwasmtime_c_api-bcea51093ae65dc1.rlib(wasmtime_c_api-bcea51093ae65dc1.wasmtime_c_api.f0e00f6ee6fb32f1-cgu.04.rcgu.o)' is imported by 'libtree_sitter-7b90b02dd71a6561.rlib(9d101ca0d5afdee2-lib.o)' in function 'ts_wasm_store_delete'␍
         LINK : warning LNK4217: symbol 'wasm_globaltype_new' defined in 'libwasmtime_c_api-bcea51093ae65dc1.rlib(wasmtime_c_api-bcea51093ae65dc1.wasmtime_c_api.f0e00f6ee6fb32f1-cgu.04.rcgu.o)' is imported by 'libtree_sitter-7b90b02dd71a6561.rlib(9d101ca0d5afdee2-lib.o)' in function 'ts_wasm_store_new'␍
         LINK : warning LNK4217: symbol 'wasm_tabletype_delete' defined in 'libwasmtime_c_api-bcea51093ae65dc1.rlib(wasmtime_c_api-bcea51093ae65dc1.wasmtime_c_api.f0e00f6ee6fb32f1-cgu.05.rcgu.o)' is imported by 'libtree_sitter-7b90b02dd71a6561.rlib(9d101ca0d5afdee2-lib.o)' in function 'ts_wasm_store_new'␍
         LINK : warning LNK4217: symbol 'wasm_tabletype_new' defined in 'libwasmtime_c_api-bcea51093ae65dc1.rlib(wasmtime_c_api-bcea51093ae65dc1.wasmtime_c_api.f0e00f6ee6fb32f1-cgu.05.rcgu.o)' is imported by 'libtree_sitter-7b90b02dd71a6561.rlib(9d101ca0d5afdee2-lib.o)' in function 'ts_wasm_store_new'␍
         LINK : warning LNK4217: symbol 'wasm_memorytype_delete' defined in 'libwasmtime_c_api-bcea51093ae65dc1.rlib(wasmtime_c_api-bcea51093ae65dc1.wasmtime_c_api.f0e00f6ee6fb32f1-cgu.15.rcgu.o)' is imported by 'libtree_sitter-7b90b02dd71a6561.rlib(9d101ca0d5afdee2-lib.o)' in function 'ts_wasm_store_new'␍
         LINK : warning LNK4217: symbol 'wasm_memorytype_new' defined in 'libwasmtime_c_api-bcea51093ae65dc1.rlib(wasmtime_c_api-bcea51093ae65dc1.wasmtime_c_api.f0e00f6ee6fb32f1-cgu.15.rcgu.o)' is imported by 'libtree_sitter-7b90b02dd71a6561.rlib(9d101ca0d5afdee2-lib.o)' in function 'ts_wasm_store_new'␍
         LINK : warning LNK4217: symbol 'wasm_externtype_as_memorytype_const' defined in 'libwasmtime_c_api-bcea51093ae65dc1.rlib(wasmtime_c_api-bcea51093ae65dc1.wasmtime_c_api.f0e00f6ee6fb32f1-cgu.13.rcgu.o)' is imported by 'libtree_sitter-7b90b02dd71a6561.rlib(9d101ca0d5afdee2-lib.o)' in function 'ts_wasm_store_new'␍
         LINK : warning LNK4217: symbol 'wasm_importtype_vec_delete' defined in 'libwasmtime_c_api-bcea51093ae65dc1.rlib(wasmtime_c_api-bcea51093ae65dc1.wasmtime_c_api.f0e00f6ee6fb32f1-cgu.08.rcgu.o)' is imported by 'libtree_sitter-7b90b02dd71a6561.rlib(9d101ca0d5afdee2-lib.o)' in function 'ts_wasm_store__instantiate'␍
         LINK : warning LNK4217: symbol 'wasm_importtype_name' defined in 'libwasmtime_c_api-bcea51093ae65dc1.rlib(wasmtime_c_api-bcea51093ae65dc1.wasmtime_c_api.f0e00f6ee6fb32f1-cgu.11.rcgu.o)' is imported by 'libtree_sitter-7b90b02dd71a6561.rlib(9d101ca0d5afdee2-lib.o)' in function 'ts_wasm_store__instantiate'␍
         LINK : warning LNK4217: symbol 'wasm_importtype_type' defined in 'libwasmtime_c_api-bcea51093ae65dc1.rlib(wasmtime_c_api-bcea51093ae65dc1.wasmtime_c_api.f0e00f6ee6fb32f1-cgu.11.rcgu.o)' is imported by 'libtree_sitter-7b90b02dd71a6561.rlib(9d101ca0d5afdee2-lib.o)' in function 'ts_wasm_store_new'␍
         LINK : warning LNK4217: symbol 'wasm_exporttype_vec_delete' defined in 'libwasmtime_c_api-bcea51093ae65dc1.rlib(wasmtime_c_api-bcea51093ae65dc1.wasmtime_c_api.f0e00f6ee6fb32f1-cgu.08.rcgu.o)' is imported by 'libtree_sitter-7b90b02dd71a6561.rlib(9d101ca0d5afdee2-lib.o)' in function 'ts_wasm_store__instantiate'␍
         LINK : warning LNK4217: symbol 'wasm_exporttype_name' defined in 'libwasmtime_c_api-bcea51093ae65dc1.rlib(wasmtime_c_api-bcea51093ae65dc1.wasmtime_c_api.f0e00f6ee6fb32f1-cgu.13.rcgu.o)' is imported by 'libtree_sitter-7b90b02dd71a6561.rlib(9d101ca0d5afdee2-lib.o)' in function 'ts_wasm_store__instantiate'␍
         LINK : warning LNK4217: symbol 'wasm_trap_delete' defined in 'libwasmtime_c_api-bcea51093ae65dc1.rlib(wasmtime_c_api-bcea51093ae65dc1.wasmtime_c_api.f0e00f6ee6fb32f1-cgu.13.rcgu.o)' is imported by 'libtree_sitter-7b90b02dd71a6561.rlib(9d101ca0d5afdee2-lib.o)' in function 'ts_parser__external_scanner_create'␍
         LINK : warning LNK4217: symbol 'wasm_trap_message' defined in 'libwasmtime_c_api-bcea51093ae65dc1.rlib(wasmtime_c_api-bcea51093ae65dc1.wasmtime_c_api.f0e00f6ee6fb32f1-cgu.13.rcgu.o)' is imported by 'libtree_sitter-7b90b02dd71a6561.rlib(9d101ca0d5afdee2-lib.o)' in function 'ts_wasm_store__instantiate'␍
         LINK : warning LNK4217: symbol 'wasmtime_error_delete' defined in 'libwasmtime_c_api-bcea51093ae65dc1.rlib(wasmtime_c_api-bcea51093ae65dc1.wasmtime_c_api.f0e00f6ee6fb32f1-cgu.15.rcgu.o)' is imported by 'libtree_sitter-7b90b02dd71a6561.rlib(9d101ca0d5afdee2-lib.o)' in function 'ts_parser__external_scanner_create'␍
         LINK : warning LNK4217: symbol 'wasmtime_error_message' defined in 'libwasmtime_c_api-bcea51093ae65dc1.rlib(wasmtime_c_api-bcea51093ae65dc1.wasmtime_c_api.f0e00f6ee6fb32f1-cgu.15.rcgu.o)' is imported by 'libtree_sitter-7b90b02dd71a6561.rlib(9d101ca0d5afdee2-lib.o)' in function 'ts_wasm_store__instantiate'␍
         LINK : warning LNK4217: symbol 'wasmtime_module_new' defined in 'libwasmtime_c_api-bcea51093ae65dc1.rlib(wasmtime_c_api-bcea51093ae65dc1.wasmtime_c_api.f0e00f6ee6fb32f1-cgu.07.rcgu.o)' is imported by 'libtree_sitter-7b90b02dd71a6561.rlib(9d101ca0d5afdee2-lib.o)' in function 'ts_wasm_store_load_language'␍
         LINK : warning LNK4217: symbol 'wasmtime_module_delete' defined in 'libwasmtime_c_api-bcea51093ae65dc1.rlib(wasmtime_c_api-bcea51093ae65dc1.wasmtime_c_api.f0e00f6ee6fb32f1-cgu.07.rcgu.o)' is imported by 'libtree_sitter-7b90b02dd71a6561.rlib(9d101ca0d5afdee2-lib.o)' in function 'ts_language_delete'␍
         LINK : warning LNK4217: symbol 'wasmtime_module_imports' defined in 'libwasmtime_c_api-bcea51093ae65dc1.rlib(wasmtime_c_api-bcea51093ae65dc1.wasmtime_c_api.f0e00f6ee6fb32f1-cgu.07.rcgu.o)' is imported by 'libtree_sitter-7b90b02dd71a6561.rlib(9d101ca0d5afdee2-lib.o)' in function 'ts_wasm_store__instantiate'␍
         LINK : warning LNK4217: symbol 'wasmtime_module_exports' defined in 'libwasmtime_c_api-bcea51093ae65dc1.rlib(wasmtime_c_api-bcea51093ae65dc1.wasmtime_c_api.f0e00f6ee6fb32f1-cgu.07.rcgu.o)' is imported by 'libtree_sitter-7b90b02dd71a6561.rlib(9d101ca0d5afdee2-lib.o)' in function 'ts_wasm_store__instantiate'␍
         LINK : warning LNK4217: symbol 'wasmtime_store_new' defined in 'libwasmtime_c_api-bcea51093ae65dc1.rlib(wasmtime_c_api-bcea51093ae65dc1.wasmtime_c_api.f0e00f6ee6fb32f1-cgu.04.rcgu.o)' is imported by 'libtree_sitter-7b90b02dd71a6561.rlib(9d101ca0d5afdee2-lib.o)' in function 'ts_wasm_store_new'␍
         LINK : warning LNK4217: symbol 'wasmtime_store_context' defined in 'libwasmtime_c_api-bcea51093ae65dc1.rlib(wasmtime_c_api-bcea51093ae65dc1.wasmtime_c_api.f0e00f6ee6fb32f1-cgu.04.rcgu.o)' is imported by 'libtree_sitter-7b90b02dd71a6561.rlib(9d101ca0d5afdee2-lib.o)' in function 'ts_parser__external_scanner_create'␍
         LINK : warning LNK4217: symbol 'wasmtime_store_delete' defined in 'libwasmtime_c_api-bcea51093ae65dc1.rlib(wasmtime_c_api-bcea51093ae65dc1.wasmtime_c_api.f0e00f6ee6fb32f1-cgu.04.rcgu.o)' is imported by 'libtree_sitter-7b90b02dd71a6561.rlib(9d101ca0d5afdee2-lib.o)' in function 'ts_wasm_store_delete'␍
         LINK : warning LNK4217: symbol 'wasmtime_func_new_unchecked' defined in 'libwasmtime_c_api-bcea51093ae65dc1.rlib(wasmtime_c_api-bcea51093ae65dc1.wasmtime_c_api.f0e00f6ee6fb32f1-cgu.02.rcgu.o)' is imported by 'libtree_sitter-7b90b02dd71a6561.rlib(9d101ca0d5afdee2-lib.o)' in function 'ts_wasm_store_new'␍
         LINK : warning LNK4217: symbol 'wasmtime_func_call' defined in 'libwasmtime_c_api-bcea51093ae65dc1.rlib(wasmtime_c_api-bcea51093ae65dc1.wasmtime_c_api.f0e00f6ee6fb32f1-cgu.02.rcgu.o)' is imported by 'libtree_sitter-7b90b02dd71a6561.rlib(9d101ca0d5afdee2-lib.o)' in function 'ts_wasm_store__call_module_initializer'␍
         LINK : warning LNK4217: symbol 'wasmtime_func_call_unchecked' defined in 'libwasmtime_c_api-bcea51093ae65dc1.rlib(wasmtime_c_api-bcea51093ae65dc1.wasmtime_c_api.f0e00f6ee6fb32f1-cgu.02.rcgu.o)' is imported by 'libtree_sitter-7b90b02dd71a6561.rlib(9d101ca0d5afdee2-lib.o)' in function 'ts_parser__external_scanner_create'␍
         LINK : warning LNK4217: symbol 'wasmtime_caller_context' defined in 'libwasmtime_c_api-bcea51093ae65dc1.rlib(wasmtime_c_api-bcea51093ae65dc1.wasmtime_c_api.f0e00f6ee6fb32f1-cgu.02.rcgu.o)' is imported by 'libtree_sitter-7b90b02dd71a6561.rlib(9d101ca0d5afdee2-lib.o)' in function 'callback__debug_message'␍
         LINK : warning LNK4217: symbol 'wasmtime_instance_new' defined in 'libwasmtime_c_api-bcea51093ae65dc1.rlib(wasmtime_c_api-bcea51093ae65dc1.wasmtime_c_api.f0e00f6ee6fb32f1-cgu.15.rcgu.o)' is imported by 'libtree_sitter-7b90b02dd71a6561.rlib(9d101ca0d5afdee2-lib.o)' in function 'ts_wasm_store__instantiate'␍
         LINK : warning LNK4217: symbol 'wasmtime_instance_export_nth' defined in 'libwasmtime_c_api-bcea51093ae65dc1.rlib(wasmtime_c_api-bcea51093ae65dc1.wasmtime_c_api.f0e00f6ee6fb32f1-cgu.15.rcgu.o)' is imported by 'libtree_sitter-7b90b02dd71a6561.rlib(9d101ca0d5afdee2-lib.o)' in function 'ts_wasm_store__instantiate'␍
         LINK : warning LNK4217: symbol 'wasmtime_engine_clone' defined in 'libwasmtime_c_api-bcea51093ae65dc1.rlib(wasmtime_c_api-bcea51093ae65dc1.wasmtime_c_api.f0e00f6ee6fb32f1-cgu.04.rcgu.o)' is imported by 'libtree_sitter-7b90b02dd71a6561.rlib(9d101ca0d5afdee2-lib.o)' in function 'ts_wasm_store_new'␍
         LINK : warning LNK4217: symbol 'wasmtime_global_new' defined in 'libwasmtime_c_api-bcea51093ae65dc1.rlib(wasmtime_c_api-bcea51093ae65dc1.wasmtime_c_api.f0e00f6ee6fb32f1-cgu.04.rcgu.o)' is imported by 'libtree_sitter-7b90b02dd71a6561.rlib(9d101ca0d5afdee2-lib.o)' in function 'ts_wasm_store__provide_builtin_import'␍
         LINK : warning LNK4217: symbol 'wasmtime_memorytype_minimum' defined in 'libwasmtime_c_api-bcea51093ae65dc1.rlib(wasmtime_c_api-bcea51093ae65dc1.wasmtime_c_api.f0e00f6ee6fb32f1-cgu.15.rcgu.o)' is imported by 'libtree_sitter-7b90b02dd71a6561.rlib(9d101ca0d5afdee2-lib.o)' in function 'ts_wasm_store_new'␍
         LINK : warning LNK4217: symbol 'wasmtime_memory_new' defined in 'libwasmtime_c_api-bcea51093ae65dc1.rlib(wasmtime_c_api-bcea51093ae65dc1.wasmtime_c_api.f0e00f6ee6fb32f1-cgu.04.rcgu.o)' is imported by 'libtree_sitter-7b90b02dd71a6561.rlib(9d101ca0d5afdee2-lib.o)' in function 'ts_wasm_store_new'␍
         LINK : warning LNK4217: symbol 'wasmtime_memory_data' defined in 'libwasmtime_c_api-bcea51093ae65dc1.rlib(wasmtime_c_api-bcea51093ae65dc1.wasmtime_c_api.f0e00f6ee6fb32f1-cgu.04.rcgu.o)' is imported by 'libtree_sitter-7b90b02dd71a6561.rlib(9d101ca0d5afdee2-lib.o)' in function 'callback__debug_message'␍
         LINK : warning LNK4217: symbol 'wasmtime_memory_data_size' defined in 'libwasmtime_c_api-bcea51093ae65dc1.rlib(wasmtime_c_api-bcea51093ae65dc1.wasmtime_c_api.f0e00f6ee6fb32f1-cgu.04.rcgu.o)' is imported by 'libtree_sitter-7b90b02dd71a6561.rlib(9d101ca0d5afdee2-lib.o)' in function 'ts_wasm_store__instantiate'␍
         LINK : warning LNK4217: symbol 'wasmtime_memory_grow' defined in 'libwasmtime_c_api-bcea51093ae65dc1.rlib(wasmtime_c_api-bcea51093ae65dc1.wasmtime_c_api.f0e00f6ee6fb32f1-cgu.04.rcgu.o)' is imported by 'libtree_sitter-7b90b02dd71a6561.rlib(9d101ca0d5afdee2-lib.o)' in function 'ts_wasm_store__instantiate'␍
         LINK : warning LNK4217: symbol 'wasmtime_table_new' defined in 'libwasmtime_c_api-bcea51093ae65dc1.rlib(wasmtime_c_api-bcea51093ae65dc1.wasmtime_c_api.f0e00f6ee6fb32f1-cgu.12.rcgu.o)' is imported by 'libtree_sitter-7b90b02dd71a6561.rlib(9d101ca0d5afdee2-lib.o)' in function 'ts_wasm_store_new'␍
         LINK : warning LNK4217: symbol 'wasmtime_table_get' defined in 'libwasmtime_c_api-bcea51093ae65dc1.rlib(wasmtime_c_api-bcea51093ae65dc1.wasmtime_c_api.f0e00f6ee6fb32f1-cgu.12.rcgu.o)' is imported by 'libtree_sitter-7b90b02dd71a6561.rlib(9d101ca0d5afdee2-lib.o)' in function 'ts_wasm_store__get_function'␍
         LINK : warning LNK4217: symbol 'wasmtime_table_set' defined in 'libwasmtime_c_api-bcea51093ae65dc1.rlib(wasmtime_c_api-bcea51093ae65dc1.wasmtime_c_api.f0e00f6ee6fb32f1-cgu.12.rcgu.o)' is imported by 'libtree_sitter-7b90b02dd71a6561.rlib(9d101ca0d5afdee2-lib.o)' in function 'ts_wasm_store_new'␍
         LINK : warning LNK4217: symbol 'wasmtime_table_grow' defined in 'libwasmtime_c_api-bcea51093ae65dc1.rlib(wasmtime_c_api-bcea51093ae65dc1.wasmtime_c_api.f0e00f6ee6fb32f1-cgu.12.rcgu.o)' is imported by 'libtree_sitter-7b90b02dd71a6561.rlib(9d101ca0d5afdee2-lib.o)' in function 'ts_wasm_store__instantiate'␍
         LINK : warning LNK4217: symbol 'wasmtime_trap_new' defined in 'libwasmtime_c_api-bcea51093ae65dc1.rlib(wasmtime_c_api-bcea51093ae65dc1.wasmtime_c_api.f0e00f6ee6fb32f1-cgu.13.rcgu.o)' is imported by 'libtree_sitter-7b90b02dd71a6561.rlib(9d101ca0d5afdee2-lib.o)' in function 'callback__abort'
  |
  = note: `#[warn(linker_messages)]` on by default

warning: `zed` (bin "zed") generated 1 warning
    Finished `release-fast` profile [optimized + debuginfo] target(s) in 5m 47s
BUILD EXIT 0
