info: syncing channel updates for 1.97.1-x86_64-pc-windows-msvc
info: latest update on 2026-07-16 for version 1.97.1 (8bab26f4f 2026-07-14)
info: downloading 10 components
    Updating git repository `https://github.com/zed-industries/livekit-rust-sdks`
    Updating git repository `https://github.com/zed-industries/notify`
    Updating git repository `https://github.com/tree-sitter/tree-sitter`
    Updating crates.io index
    Updating git repository `https://github.com/zed-industries/async-tar`
    Updating git repository `https://github.com/zed-industries/reqwest.git`
    Updating git repository `https://github.com/zed-industries/lsp-types`
    Updating git repository `https://github.com/zed-industries/python-environment-tools.git`
     Locking 2 packages to latest compatible versions
      Adding transcribe-cpp v0.2.3
      Adding transcribe-cpp-sys v0.2.3
 Downloading crates ...
  Downloaded calloop-wayland-source v0.4.1
  Downloaded as-raw-xcb-connection v1.0.1
  Downloaded alsa-sys v0.3.1
  Downloaded accesskit_atspi_common v0.19.1
  Downloaded cap-fs-ext v4.0.3
  Downloaded accesskit_unix v0.22.1
  Downloaded addr2line v0.26.1
  Downloaded async-signal v0.2.13
  Downloaded cap-std v4.0.3
  Downloaded async-tungstenite v0.33.0
  Downloaded accesskit_windows v0.34.0
  Downloaded ammonia v4.1.4
  Downloaded cap-primitives v4.0.3
  Downloaded alsa v0.10.0
  Downloaded ashpd v0.13.2
  Downloaded bindgen v0.72.1
  Downloaded betlang v0.1.1
  Downloaded cc v1.4.3
  Downloaded cesu8 v1.1.0
  Downloaded cfg-expr v0.20.9
  Downloaded combine v4.6.7
  Downloaded command-fds v0.3.2
  Downloaded core-foundation v0.10.0
  Downloaded core-services v1.0.0
  Downloaded coreaudio-rs v0.13.0
  Downloaded coreaudio-sys v0.2.18
  Downloaded coreaudio-rs v0.12.1
  Downloaded cpp_demangle v0.5.1
  Downloaded cranelift-assembler-x64 v0.135.1
  Downloaded cranelift-bitset v0.135.1
  Downloaded cranelift-assembler-x64-meta v0.135.1
  Downloaded cranelift-bforest v0.135.1
  Downloaded cranelift-entity v0.135.1
  Downloaded cranelift-control v0.135.1
  Downloaded cranelift-codegen-meta v0.135.1
  Downloaded cranelift-codegen-shared v0.135.1
  Downloaded cranelift-frontend v0.135.1
  Downloaded cranelift-native v0.135.1
  Downloaded cranelift-isle v0.135.1
  Downloaded cranelift-srcgen v0.135.1
  Downloaded documented v0.10.0
  Downloaded documented-macros v0.10.0
  Downloaded crash-handler v0.8.0
  Downloaded crash-context v0.8.0
  Downloaded cssparser v0.37.0
  Downloaded endi v1.1.0
  Downloaded dugong-graphlib v0.8.0-alpha.5
  Downloaded cxxbridge-cmd v1.0.187
  Downloaded errno v0.2.8
  Downloaded dbus v0.9.9
  Downloaded errno-dragonfly v0.1.2
  Downloaded cranelift-codegen v0.135.1
  Downloaded exec v0.3.1
  Downloaded emojis v0.9.0
  Downloaded dugong v0.8.0-alpha.5
  Downloaded foreign-types v0.3.2
  Downloaded foreign-types-shared v0.1.1
  Downloaded find-msvc-tools v0.1.11
  Downloaded foreign-types-macros v0.2.3
  Downloaded fork v0.4.0
  Downloaded fancy-regex v0.19.0
  Downloaded fraction v0.16.0
  Downloaded fearless_simd v0.4.1
  Downloaded fuchsia-cprng v0.1.1
  Downloaded gethostname v1.1.0
  Downloaded getrandom v0.4.1
  Downloaded glib-macros v0.21.5
  Downloaded gio-sys v0.21.5
  Downloaded gimli v0.33.0
  Downloaded gloo-timers v0.3.0
  Downloaded glib v0.21.5
  Downloaded glib-sys v0.21.5
  Downloaded gobject-sys v0.21.5
  Downloaded goblin v0.9.3
  Downloaded granit-parser v1.0.0
  Downloaded html5ever v0.39.0
  Downloaded icu_locale_core v2.3.0
  Downloaded icu_locale_fallback v2.3.0
  Downloaded icu_collections v2.3.0
  Downloaded icu_locale_fallback_data v2.3.0
  Downloaded id-arena v2.3.0
  Downloaded inotify-sys v0.1.5
  Downloaded inotify v0.9.6
  Downloaded inotify v0.11.0
  Downloaded icu_provider v2.3.0
  Downloaded is-wsl v0.4.0
  Downloaded icu_normalizer_data v2.3.0
  Downloaded is-docker v0.2.0
  Downloaded io-lifetimes v3.0.1
  Downloaded jiff-tzdb-platform v0.1.3
  Downloaded io-extras v0.19.0
  Downloaded icu_properties v2.3.0
  Downloaded jni-sys v0.3.0
  Downloaded jsonschema-regex v0.51.0
  Downloaded jni-macros v0.22.4
  Downloaded lalrpop-util v0.23.1
  Downloaded jiff-static v0.2.15
  Downloaded jiff-tzdb v0.1.8
  Downloaded jsonschema-value v0.51.0
  Downloaded icu_properties_data v2.3.0
  Downloaded json5 v1.3.1
  Downloaded jni v0.21.1
  Downloaded js-sys v0.3.97
  Downloaded itertools v0.15.0
  Downloaded libredox v0.1.10
  Downloaded libfuzzer-sys v0.4.10
  Downloaded jni v0.22.4
  Downloaded icu_collator_data v2.3.0
  Downloaded icu_normalizer v2.3.0
  Downloaded jsonschema v0.51.0
  Downloaded icu_collator v2.3.0
  Downloaded libdbus-sys v0.2.6
  Downloaded logos-derive v0.15.1
  Downloaded logos-derive v0.16.1
  Downloaded logos v0.16.1
  Downloaded logos-codegen v0.16.1
  Downloaded logos-codegen v0.15.1
  Downloaded lol_html v3.0.1
  Downloaded mach2 v0.6.0
  Downloaded memfd v0.6.5
  Downloaded markup5ever v0.39.0
  Downloaded markup5ever_rcdom v0.39.0+unofficial
  Downloaded manatee v0.8.0-alpha.5
  Downloaded ndk-context v0.1.1
  Downloaded miette-derive v7.6.0
  Downloaded minidumper v0.11.0
  Downloaded micromap v0.3.0
  Downloaded merman v0.8.0-alpha.5
  Downloaded miette v7.6.0
  Downloaded mio v0.8.11
  Downloaded ndk v0.9.0
  Downloaded minidump-writer v0.13.0
  Downloaded logos v0.15.1
  Downloaded num_threads v0.1.7
  Downloaded num_enum v0.7.4
  Downloaded num_enum_derive v0.7.4
  Downloaded nix v0.30.1
  Downloaded merman-core v0.8.0-alpha.5
  Downloaded objc2 v0.6.3
  Downloaded merman-render v0.8.0-alpha.5
  Downloaded objc2-audio-toolbox v0.3.2
  Downloaded objc2-core-audio-types v0.3.2
  Downloaded objc2-avf-audio v0.3.2
  Downloaded objc2-core-audio v0.3.2
  Downloaded objc2-core-services v0.3.2
  Downloaded objc2-io-kit v0.3.2
  Downloaded objc2-screen-capture-kit v0.3.2
  Downloaded objc2-open-directory v0.3.2
  Downloaded open v5.3.2
  Downloaded openssl-macros v0.1.1
  Downloaded ordered-float v5.5.0
  Downloaded openssl v0.10.81
  Downloaded openssl-sys v0.9.117
  Downloaded pbjson v0.9.0
  Downloaded pbjson-build v0.9.0
  Downloaded pbjson-types v0.9.0
  Downloaded pciid-parser v0.8.0
  Downloaded petgraph v0.8.3
  Downloaded plain v0.2.3
  Downloaded portable-atomic-util v0.2.4
  Downloaded process-backend v0.1.0
  Downloaded process-reader v0.1.0
  Downloaded procfs-core v0.18.0
  Downloaded prost v0.14.4
  Downloaded prost-types v0.14.4
  Downloaded prost-build v0.14.4
  Downloaded protox v0.9.1
  Downloaded prost-derive v0.14.4
  Downloaded prost-reflect v0.16.5
  Downloaded protox-parse v0.9.0
  Downloaded pulley-macros v48.0.1
  Downloaded pulldown-cmark v0.13.4
  Downloaded pulley-interpreter v48.0.1
  Downloaded quick-xml v0.37.5
  Downloaded quick-xml v0.39.3
  Downloaded quinn-proto v0.11.17
  Downloaded rand_core v0.3.1
  Downloaded rdrand v0.4.0
  Downloaded rand_core v0.4.2
  Downloaded redox_syscall v0.7.5
  Downloaded regalloc2 v0.15.2
  Downloaded referencing v0.51.0
  Downloaded roughr-merman v0.12.3
  Downloaded rustix-linux-procfs v0.1.1
  Downloaded rustix-openpty v0.2.0
  Downloaded rustls-platform-verifier v0.7.0
  Downloaded rustls-platform-verifier-android v0.1.1
  Downloaded sea-bae v0.2.2
  Downloaded seccompiler v0.5.0
  Downloaded security-framework v3.5.1
  Downloaded security-framework-sys v2.15.0
  Downloaded selectors v0.37.0
  Downloaded serde_repr v0.1.20
  Downloaded serde_with v3.22.0
  Downloaded serde_with_macros v3.22.0
  Downloaded signal-hook v0.4.4
  Downloaded signal-hook-registry v1.4.6
  Downloaded simd_cesu8 v1.2.0
  Downloaded stacker v0.1.25
  Downloaded stacksafe-macro v1.0.3
  Downloaded stacksafe v1.0.3
  Downloaded sysinfo v0.39.6
  Downloaded system-configuration v0.5.1
  Downloaded system-configuration-sys v0.5.0
  Downloaded system-configuration v0.8.0
  Downloaded system-deps v7.0.7
  Downloaded target-lexicon v0.13.5
  Downloaded tinystr v0.8.4
  Downloaded uds v0.4.2
  Downloaded uds_windows v1.1.0
  Downloaded unicode-normalization v0.1.25
  Downloaded utf16_iter v1.0.5
  Downloaded version-compare v0.2.0
  Downloaded wasip3 v0.4.0+wasi-0.3.0-rc-2026-01-06
  Downloaded wasite v0.1.0
  Downloaded wasm-bindgen-futures v0.4.70
  Downloaded wasip2 v1.0.1+wasi-0.2.4
  Downloaded wasm-encoder v0.244.0
  Downloaded wasm-metadata v0.244.0
  Downloaded wasm-encoder v0.254.0
  Downloaded wasm-metadata v0.254.0
  Downloaded wasmparser v0.244.0
  Downloaded wasmtime-internal-versioned-export-macros v48.0.1
  Downloaded wasmtime-internal-jit-debug v48.0.1
  Downloaded wasmtime-internal-core v48.0.1
  Downloaded wasmtime-c-api-impl v48.0.1
  Downloaded wasmtime-internal-c-api-macros v48.0.1
  Downloaded wayland-backend v0.3.15
  Downloaded wayland-client v0.31.11
  Downloaded wayland-protocols-wlr v0.3.9
  Downloaded wasmprinter v0.254.0
  Downloaded wasmtime-internal-cranelift v48.0.1
  Downloaded wasmtime-internal-component-macro v48.0.1
  Downloaded wayland-cursor v0.31.11
  Downloaded wasmtime-environ v48.0.1
  Downloaded wayland-scanner v0.31.7
  Downloaded wasmtime-internal-unwinder v48.0.1
  Downloaded wasmtime v48.0.1
  Downloaded wasmtime-internal-wit-bindgen v48.0.1
  Downloaded wasmtime-internal-component-util v48.0.1
  Downloaded wasmtime-wasi-io v48.0.1
  Downloaded wasmparser v0.254.0
  Downloaded which v8.0.5
  Downloaded wasmtime-internal-fiber v48.0.1
  Downloaded wasmtime-internal-jit-icache-coherence v48.0.1
  Downloaded wgpu-core-deps-wasm v29.0.4
  Downloaded wiggle-macro v48.0.1
  Downloaded web_atoms v0.2.6
  Downloaded wiggle v48.0.1
  Downloaded wiggle-generate v48.0.1
  Downloaded wasmtime-wasi v48.0.1
  Downloaded wayland-protocols-plasma v0.3.9
  Downloaded wayland-protocols v0.32.9
  Downloaded webpki-root-certs v1.0.9
  Downloaded web-sys v0.3.97
  Downloaded windows-targets v0.42.2
  Downloaded windows-sys v0.45.0
  Downloaded windows_aarch64_gnullvm v0.42.2
  Downloaded windows_aarch64_gnullvm v0.48.5
  Downloaded windows_aarch64_msvc v0.42.2
  Downloaded windows_aarch64_msvc v0.48.5
  Downloaded windows_i686_gnu v0.42.2
  Downloaded windows_i686_gnu v0.48.5
  Downloaded wit-bindgen-rust-macro v0.51.0
  Downloaded write16 v1.0.0
  Downloaded wit-bindgen-core v0.51.0
  Downloaded xattr v1.6.1
  Downloaded xcursor v0.3.10
  Downloaded writeable v0.6.4
  Downloaded x11-clipboard v0.9.3
  Downloaded yeslogic-fontconfig-sys v6.0.0
  Downloaded wit-bindgen v0.46.0
  Downloaded wit-bindgen v0.51.0
  Downloaded wit-bindgen-rust v0.51.0
  Downloaded zbus_xml v5.1.1
  Downloaded xml5ever v0.39.0
  Downloaded xkbcommon v0.8.0
  Downloaded zbus_names v4.3.2
  Downloaded zerovec-derive v0.11.5
  Downloaded zbus_macros v5.13.2
  Downloaded zvariant_utils v3.3.1
  Downloaded zvariant_derive v5.11.0
  Downloaded winnow v1.0.2
  Downloaded xkeysym v0.2.1
  Downloaded wit-parser v0.244.0
  Downloaded zerotrie v0.2.5
  Downloaded wit-parser v0.254.0
  Downloaded zvariant v5.11.0
  Downloaded windows_x86_64_gnu v0.48.5
  Downloaded zerovec v0.11.8
  Downloaded zbus v5.13.2
  Downloaded xcb v1.6.0
  Downloaded wit-component v0.244.0
  Downloaded x11rb v0.13.2
  Downloaded wit-component v0.254.0
  Downloaded windows_x86_64_gnullvm v0.42.2
  Downloaded windows_x86_64_gnullvm v0.48.5
  Downloaded x11rb-protocol v0.13.2
  Downloaded windows_x86_64_gnu v0.42.2
  Downloaded windows_x86_64_msvc v0.42.2
  Downloaded windows_i686_msvc v0.42.2
  Downloaded windows_i686_msvc v0.48.5
